// Jest Snapshot v1, https://goo.gl/fbAQLP

exports[`should render MealForm correctly 1`] = `
<div>
  <form
    onSubmit={[Function]}
  >
    <label>
      Nome do prato:
      <input
        name="name"
        onChange={[Function]}
        placeholder="Pê-efe de frango empanado"
        type="text"
        value="pf de frango"
      />
    </label>
    <label>
      Descrição:
      <input
        name="description"
        onChange={[Function]}
        placeholder="Filé de frango empanado frito, acompanhado de arroz, feijões, farofa de miúdos e salada de alfaces"
        type="text"
        value="arroz, feijões e filé de frango"
      />
    </label>
    <label>
      Valor:
      <InputElement
        mask="99,99"
        name="price"
        onChange={[Function]}
        placeholder="R$ 13"
        type="text"
        value="10"
      />
    </label>
    <label>
      Pratos disponíveis:
      <input
        name="available"
        onChange={[Function]}
        placeholder={3}
        type="number"
        value={5}
      />
    </label>
    <label>
      Prato congelado?
      <i
        className="material-icons"
      >
        kitchen
      </i>
      <input
        checked={false}
        name="frozen"
        onChange={[Function]}
        type="checkbox"
      />
    </label>
    <label>
      Disponível para entrega?
      <i
        className="material-icons"
      >
        motorcycle
      </i>
      <input
        checked={true}
        name="courrier"
        onChange={[Function]}
        type="checkbox"
      />
      <i
        className="material-icons"
      >
        alarm_on
      </i>
      <Picker
        addon={[Function]}
        align={Object {}}
        allowEmpty={true}
        className=""
        clearText="clear"
        defaultOpen={false}
        defaultOpenValue={"1970-01-01T00:00:00.000Z"}
        defaultValue={"1970-01-01T00:00:00.000Z"}
        disabled={false}
        disabledHours={[Function]}
        disabledMinutes={[Function]}
        disabledSeconds={[Function]}
        focusOnOpen={false}
        hideDisabledOptions={false}
        id=""
        inputReadOnly={false}
        minuteStep={15}
        onAmPmChange={[Function]}
        onBlur={[Function]}
        onChange={[Function]}
        onClose={[Function]}
        onFocus={[Function]}
        onKeyDown={[Function]}
        onOpen={[Function]}
        placement="bottomLeft"
        popupClassName=""
        popupStyle={Object {}}
        prefixCls="rc-time-picker"
        showHour={true}
        showMinute={true}
        showSecond={false}
        style={Object {}}
        use12Hours={false}
        value={"1989-09-23T03:00:00.000Z"}
      />
      <i
        className="material-icons"
      >
        alarm_off
      </i>
      <Picker
        addon={[Function]}
        align={Object {}}
        allowEmpty={true}
        className=""
        clearText="clear"
        defaultOpen={false}
        defaultOpenValue={"1970-01-01T00:00:00.000Z"}
        defaultValue={"1970-01-01T00:00:00.000Z"}
        disabled={false}
        disabledHours={[Function]}
        disabledMinutes={[Function]}
        disabledSeconds={[Function]}
        focusOnOpen={false}
        hideDisabledOptions={false}
        id=""
        inputReadOnly={false}
        minuteStep={15}
        onAmPmChange={[Function]}
        onBlur={[Function]}
        onChange={[Function]}
        onClose={[Function]}
        onFocus={[Function]}
        onKeyDown={[Function]}
        onOpen={[Function]}
        placement="bottomLeft"
        popupClassName=""
        popupStyle={Object {}}
        prefixCls="rc-time-picker"
        showHour={true}
        showMinute={true}
        showSecond={false}
        style={Object {}}
        use12Hours={false}
        value={"1989-09-23T04:00:00.000Z"}
      />
    </label>
    <label>
      Disponível para retirada?
      <i
        className="material-icons"
      >
        shopping_basket
      </i>
      <input
        checked={false}
        name="pickUp"
        onChange={[Function]}
        type="checkbox"
      />
      <i
        className="material-icons"
      >
        alarm_on
      </i>
      <Picker
        addon={[Function]}
        align={Object {}}
        allowEmpty={true}
        className=""
        clearText="clear"
        defaultOpen={false}
        defaultOpenValue={"1970-01-01T00:00:00.000Z"}
        defaultValue={"1970-01-01T00:00:00.000Z"}
        disabled={true}
        disabledHours={[Function]}
        disabledMinutes={[Function]}
        disabledSeconds={[Function]}
        focusOnOpen={false}
        hideDisabledOptions={false}
        id=""
        inputReadOnly={false}
        minuteStep={15}
        onAmPmChange={[Function]}
        onBlur={[Function]}
        onChange={[Function]}
        onClose={[Function]}
        onFocus={[Function]}
        onKeyDown={[Function]}
        onOpen={[Function]}
        placement="bottomLeft"
        popupClassName=""
        popupStyle={Object {}}
        prefixCls="rc-time-picker"
        showHour={true}
        showMinute={true}
        showSecond={false}
        style={Object {}}
        use12Hours={false}
        value={null}
      />
      <i
        className="material-icons"
      >
        alarm_off
      </i>
      <Picker
        addon={[Function]}
        align={Object {}}
        allowEmpty={true}
        className=""
        clearText="clear"
        defaultOpen={false}
        defaultOpenValue={"1970-01-01T00:00:00.000Z"}
        defaultValue={"1970-01-01T00:00:00.000Z"}
        disabled={true}
        disabledHours={[Function]}
        disabledMinutes={[Function]}
        disabledSeconds={[Function]}
        focusOnOpen={false}
        hideDisabledOptions={false}
        id=""
        inputReadOnly={false}
        minuteStep={15}
        onAmPmChange={[Function]}
        onBlur={[Function]}
        onChange={[Function]}
        onClose={[Function]}
        onFocus={[Function]}
        onKeyDown={[Function]}
        onOpen={[Function]}
        placement="bottomLeft"
        popupClassName=""
        popupStyle={Object {}}
        prefixCls="rc-time-picker"
        showHour={true}
        showMinute={true}
        showSecond={false}
        style={Object {}}
        use12Hours={false}
        value={null}
      />
    </label>
    <label>
      Disponível para servir em sua casa?
      <i
        className="material-icons"
      >
        airline_seat_recline_normal
      </i>
      <input
        checked={false}
        name="table"
        onChange={[Function]}
        type="checkbox"
      />
      <i
        className="material-icons"
      >
        alarm_on
      </i>
      <Picker
        addon={[Function]}
        align={Object {}}
        allowEmpty={true}
        className=""
        clearText="clear"
        defaultOpen={false}
        defaultOpenValue={"1970-01-01T00:00:00.000Z"}
        defaultValue={"1970-01-01T00:00:00.000Z"}
        disabled={true}
        disabledHours={[Function]}
        disabledMinutes={[Function]}
        disabledSeconds={[Function]}
        focusOnOpen={false}
        hideDisabledOptions={false}
        id=""
        inputReadOnly={false}
        minuteStep={15}
        onAmPmChange={[Function]}
        onBlur={[Function]}
        onChange={[Function]}
        onClose={[Function]}
        onFocus={[Function]}
        onKeyDown={[Function]}
        onOpen={[Function]}
        placement="bottomLeft"
        popupClassName=""
        popupStyle={Object {}}
        prefixCls="rc-time-picker"
        showHour={true}
        showMinute={true}
        showSecond={false}
        style={Object {}}
        use12Hours={false}
        value={null}
      />
      <i
        className="material-icons"
      >
        alarm_off
      </i>
      <Picker
        addon={[Function]}
        align={Object {}}
        allowEmpty={true}
        className=""
        clearText="clear"
        defaultOpen={false}
        defaultOpenValue={"1970-01-01T00:00:00.000Z"}
        defaultValue={"1970-01-01T00:00:00.000Z"}
        disabled={true}
        disabledHours={[Function]}
        disabledMinutes={[Function]}
        disabledSeconds={[Function]}
        focusOnOpen={false}
        hideDisabledOptions={false}
        id=""
        inputReadOnly={false}
        minuteStep={15}
        onAmPmChange={[Function]}
        onBlur={[Function]}
        onChange={[Function]}
        onClose={[Function]}
        onFocus={[Function]}
        onKeyDown={[Function]}
        onOpen={[Function]}
        placement="bottomLeft"
        popupClassName=""
        popupStyle={Object {}}
        prefixCls="rc-time-picker"
        showHour={true}
        showMinute={true}
        showSecond={false}
        style={Object {}}
        use12Hours={false}
        value={null}
      />
    </label>
    <button>
      Cadastrar
    </button>
  </form>
</div>
`;

exports[`should render MealForm with defaults 1`] = `
<div>
  <form
    onSubmit={[Function]}
  >
    <label>
      Nome do prato:
      <input
        name="name"
        onChange={[Function]}
        placeholder="Pê-efe de frango empanado"
        type="text"
        value=""
      />
    </label>
    <label>
      Descrição:
      <input
        name="description"
        onChange={[Function]}
        placeholder="Filé de frango empanado frito, acompanhado de arroz, feijões, farofa de miúdos e salada de alfaces"
        type="text"
        value=""
      />
    </label>
    <label>
      Valor:
      <InputElement
        mask="99,99"
        name="price"
        onChange={[Function]}
        placeholder="R$ 13"
        type="text"
      />
    </label>
    <label>
      Pratos disponíveis:
      <input
        name="available"
        onChange={[Function]}
        placeholder={3}
        type="number"
      />
    </label>
    <label>
      Prato congelado?
      <i
        className="material-icons"
      >
        kitchen
      </i>
      <input
        checked={false}
        name="frozen"
        onChange={[Function]}
        type="checkbox"
      />
    </label>
    <label>
      Disponível para entrega?
      <i
        className="material-icons"
      >
        motorcycle
      </i>
      <input
        checked={false}
        name="courrier"
        onChange={[Function]}
        type="checkbox"
      />
      <i
        className="material-icons"
      >
        alarm_on
      </i>
      <Picker
        addon={[Function]}
        align={Object {}}
        allowEmpty={true}
        className=""
        clearText="clear"
        defaultOpen={false}
        defaultOpenValue={"1970-01-01T00:00:00.000Z"}
        defaultValue={"1970-01-01T00:00:00.000Z"}
        disabled={true}
        disabledHours={[Function]}
        disabledMinutes={[Function]}
        disabledSeconds={[Function]}
        focusOnOpen={false}
        hideDisabledOptions={false}
        id=""
        inputReadOnly={false}
        minuteStep={15}
        onAmPmChange={[Function]}
        onBlur={[Function]}
        onChange={[Function]}
        onClose={[Function]}
        onFocus={[Function]}
        onKeyDown={[Function]}
        onOpen={[Function]}
        placement="bottomLeft"
        popupClassName=""
        popupStyle={Object {}}
        prefixCls="rc-time-picker"
        showHour={true}
        showMinute={true}
        showSecond={false}
        style={Object {}}
        use12Hours={false}
        value={"1970-01-01T00:00:00.000Z"}
      />
      <i
        className="material-icons"
      >
        alarm_off
      </i>
      <Picker
        addon={[Function]}
        align={Object {}}
        allowEmpty={true}
        className=""
        clearText="clear"
        defaultOpen={false}
        defaultOpenValue={"1970-01-01T00:00:00.000Z"}
        defaultValue={"1970-01-01T00:00:00.000Z"}
        disabled={true}
        disabledHours={[Function]}
        disabledMinutes={[Function]}
        disabledSeconds={[Function]}
        focusOnOpen={false}
        hideDisabledOptions={false}
        id=""
        inputReadOnly={false}
        minuteStep={15}
        onAmPmChange={[Function]}
        onBlur={[Function]}
        onChange={[Function]}
        onClose={[Function]}
        onFocus={[Function]}
        onKeyDown={[Function]}
        onOpen={[Function]}
        placement="bottomLeft"
        popupClassName=""
        popupStyle={Object {}}
        prefixCls="rc-time-picker"
        showHour={true}
        showMinute={true}
        showSecond={false}
        style={Object {}}
        use12Hours={false}
        value={"1970-01-01T02:00:00.000Z"}
      />
    </label>
    <label>
      Disponível para retirada?
      <i
        className="material-icons"
      >
        shopping_basket
      </i>
      <input
        checked={false}
        name="pickUp"
        onChange={[Function]}
        type="checkbox"
      />
      <i
        className="material-icons"
      >
        alarm_on
      </i>
      <Picker
        addon={[Function]}
        align={Object {}}
        allowEmpty={true}
        className=""
        clearText="clear"
        defaultOpen={false}
        defaultOpenValue={"1970-01-01T00:00:00.000Z"}
        defaultValue={"1970-01-01T00:00:00.000Z"}
        disabled={true}
        disabledHours={[Function]}
        disabledMinutes={[Function]}
        disabledSeconds={[Function]}
        focusOnOpen={false}
        hideDisabledOptions={false}
        id=""
        inputReadOnly={false}
        minuteStep={15}
        onAmPmChange={[Function]}
        onBlur={[Function]}
        onChange={[Function]}
        onClose={[Function]}
        onFocus={[Function]}
        onKeyDown={[Function]}
        onOpen={[Function]}
        placement="bottomLeft"
        popupClassName=""
        popupStyle={Object {}}
        prefixCls="rc-time-picker"
        showHour={true}
        showMinute={true}
        showSecond={false}
        style={Object {}}
        use12Hours={false}
        value={"1970-01-01T00:00:00.000Z"}
      />
      <i
        className="material-icons"
      >
        alarm_off
      </i>
      <Picker
        addon={[Function]}
        align={Object {}}
        allowEmpty={true}
        className=""
        clearText="clear"
        defaultOpen={false}
        defaultOpenValue={"1970-01-01T00:00:00.000Z"}
        defaultValue={"1970-01-01T00:00:00.000Z"}
        disabled={true}
        disabledHours={[Function]}
        disabledMinutes={[Function]}
        disabledSeconds={[Function]}
        focusOnOpen={false}
        hideDisabledOptions={false}
        id=""
        inputReadOnly={false}
        minuteStep={15}
        onAmPmChange={[Function]}
        onBlur={[Function]}
        onChange={[Function]}
        onClose={[Function]}
        onFocus={[Function]}
        onKeyDown={[Function]}
        onOpen={[Function]}
        placement="bottomLeft"
        popupClassName=""
        popupStyle={Object {}}
        prefixCls="rc-time-picker"
        showHour={true}
        showMinute={true}
        showSecond={false}
        style={Object {}}
        use12Hours={false}
        value={"1970-01-01T02:00:00.000Z"}
      />
    </label>
    <label>
      Disponível para servir em sua casa?
      <i
        className="material-icons"
      >
        airline_seat_recline_normal
      </i>
      <input
        checked={false}
        name="table"
        onChange={[Function]}
        type="checkbox"
      />
      <i
        className="material-icons"
      >
        alarm_on
      </i>
      <Picker
        addon={[Function]}
        align={Object {}}
        allowEmpty={true}
        className=""
        clearText="clear"
        defaultOpen={false}
        defaultOpenValue={"1970-01-01T00:00:00.000Z"}
        defaultValue={"1970-01-01T00:00:00.000Z"}
        disabled={true}
        disabledHours={[Function]}
        disabledMinutes={[Function]}
        disabledSeconds={[Function]}
        focusOnOpen={false}
        hideDisabledOptions={false}
        id=""
        inputReadOnly={false}
        minuteStep={15}
        onAmPmChange={[Function]}
        onBlur={[Function]}
        onChange={[Function]}
        onClose={[Function]}
        onFocus={[Function]}
        onKeyDown={[Function]}
        onOpen={[Function]}
        placement="bottomLeft"
        popupClassName=""
        popupStyle={Object {}}
        prefixCls="rc-time-picker"
        showHour={true}
        showMinute={true}
        showSecond={false}
        style={Object {}}
        use12Hours={false}
        value={"1970-01-01T00:00:00.000Z"}
      />
      <i
        className="material-icons"
      >
        alarm_off
      </i>
      <Picker
        addon={[Function]}
        align={Object {}}
        allowEmpty={true}
        className=""
        clearText="clear"
        defaultOpen={false}
        defaultOpenValue={"1970-01-01T00:00:00.000Z"}
        defaultValue={"1970-01-01T00:00:00.000Z"}
        disabled={true}
        disabledHours={[Function]}
        disabledMinutes={[Function]}
        disabledSeconds={[Function]}
        focusOnOpen={false}
        hideDisabledOptions={false}
        id=""
        inputReadOnly={false}
        minuteStep={15}
        onAmPmChange={[Function]}
        onBlur={[Function]}
        onChange={[Function]}
        onClose={[Function]}
        onFocus={[Function]}
        onKeyDown={[Function]}
        onOpen={[Function]}
        placement="bottomLeft"
        popupClassName=""
        popupStyle={Object {}}
        prefixCls="rc-time-picker"
        showHour={true}
        showMinute={true}
        showSecond={false}
        style={Object {}}
        use12Hours={false}
        value={"1970-01-01T02:00:00.000Z"}
      />
    </label>
    <button>
      Cadastrar
    </button>
  </form>
</div>
`;

exports[`should render error for invalid form submission 1`] = `
<div>
  <form
    onSubmit={[Function]}
  >
    <label>
      Nome do prato:
      <input
        name="name"
        onChange={[Function]}
        placeholder="Pê-efe de frango empanado"
        type="text"
        value=""
      />
    </label>
    <label>
      Descrição:
      <input
        name="description"
        onChange={[Function]}
        placeholder="Filé de frango empanado frito, acompanhado de arroz, feijões, farofa de miúdos e salada de alfaces"
        type="text"
        value=""
      />
    </label>
    <label>
      Valor:
      <InputElement
        mask="99,99"
        name="price"
        onChange={[Function]}
        placeholder="R$ 13"
        type="text"
      />
    </label>
    <label>
      Pratos disponíveis:
      <input
        name="available"
        onChange={[Function]}
        placeholder={3}
        type="number"
      />
    </label>
    <label>
      Prato congelado?
      <i
        className="material-icons"
      >
        kitchen
      </i>
      <input
        checked={false}
        name="frozen"
        onChange={[Function]}
        type="checkbox"
      />
    </label>
    <label>
      Disponível para entrega?
      <i
        className="material-icons"
      >
        motorcycle
      </i>
      <input
        checked={false}
        name="courrier"
        onChange={[Function]}
        type="checkbox"
      />
      <i
        className="material-icons"
      >
        alarm_on
      </i>
      <Picker
        addon={[Function]}
        align={Object {}}
        allowEmpty={true}
        className=""
        clearText="clear"
        defaultOpen={false}
        defaultOpenValue={"1970-01-01T00:00:00.000Z"}
        defaultValue={"1970-01-01T00:00:00.000Z"}
        disabled={true}
        disabledHours={[Function]}
        disabledMinutes={[Function]}
        disabledSeconds={[Function]}
        focusOnOpen={false}
        hideDisabledOptions={false}
        id=""
        inputReadOnly={false}
        minuteStep={15}
        onAmPmChange={[Function]}
        onBlur={[Function]}
        onChange={[Function]}
        onClose={[Function]}
        onFocus={[Function]}
        onKeyDown={[Function]}
        onOpen={[Function]}
        placement="bottomLeft"
        popupClassName=""
        popupStyle={Object {}}
        prefixCls="rc-time-picker"
        showHour={true}
        showMinute={true}
        showSecond={false}
        style={Object {}}
        use12Hours={false}
        value={"1970-01-01T00:00:00.000Z"}
      />
      <i
        className="material-icons"
      >
        alarm_off
      </i>
      <Picker
        addon={[Function]}
        align={Object {}}
        allowEmpty={true}
        className=""
        clearText="clear"
        defaultOpen={false}
        defaultOpenValue={"1970-01-01T00:00:00.000Z"}
        defaultValue={"1970-01-01T00:00:00.000Z"}
        disabled={true}
        disabledHours={[Function]}
        disabledMinutes={[Function]}
        disabledSeconds={[Function]}
        focusOnOpen={false}
        hideDisabledOptions={false}
        id=""
        inputReadOnly={false}
        minuteStep={15}
        onAmPmChange={[Function]}
        onBlur={[Function]}
        onChange={[Function]}
        onClose={[Function]}
        onFocus={[Function]}
        onKeyDown={[Function]}
        onOpen={[Function]}
        placement="bottomLeft"
        popupClassName=""
        popupStyle={Object {}}
        prefixCls="rc-time-picker"
        showHour={true}
        showMinute={true}
        showSecond={false}
        style={Object {}}
        use12Hours={false}
        value={"1970-01-01T02:00:00.000Z"}
      />
    </label>
    <label>
      Disponível para retirada?
      <i
        className="material-icons"
      >
        shopping_basket
      </i>
      <input
        checked={false}
        name="pickUp"
        onChange={[Function]}
        type="checkbox"
      />
      <i
        className="material-icons"
      >
        alarm_on
      </i>
      <Picker
        addon={[Function]}
        align={Object {}}
        allowEmpty={true}
        className=""
        clearText="clear"
        defaultOpen={false}
        defaultOpenValue={"1970-01-01T00:00:00.000Z"}
        defaultValue={"1970-01-01T00:00:00.000Z"}
        disabled={true}
        disabledHours={[Function]}
        disabledMinutes={[Function]}
        disabledSeconds={[Function]}
        focusOnOpen={false}
        hideDisabledOptions={false}
        id=""
        inputReadOnly={false}
        minuteStep={15}
        onAmPmChange={[Function]}
        onBlur={[Function]}
        onChange={[Function]}
        onClose={[Function]}
        onFocus={[Function]}
        onKeyDown={[Function]}
        onOpen={[Function]}
        placement="bottomLeft"
        popupClassName=""
        popupStyle={Object {}}
        prefixCls="rc-time-picker"
        showHour={true}
        showMinute={true}
        showSecond={false}
        style={Object {}}
        use12Hours={false}
        value={"1970-01-01T00:00:00.000Z"}
      />
      <i
        className="material-icons"
      >
        alarm_off
      </i>
      <Picker
        addon={[Function]}
        align={Object {}}
        allowEmpty={true}
        className=""
        clearText="clear"
        defaultOpen={false}
        defaultOpenValue={"1970-01-01T00:00:00.000Z"}
        defaultValue={"1970-01-01T00:00:00.000Z"}
        disabled={true}
        disabledHours={[Function]}
        disabledMinutes={[Function]}
        disabledSeconds={[Function]}
        focusOnOpen={false}
        hideDisabledOptions={false}
        id=""
        inputReadOnly={false}
        minuteStep={15}
        onAmPmChange={[Function]}
        onBlur={[Function]}
        onChange={[Function]}
        onClose={[Function]}
        onFocus={[Function]}
        onKeyDown={[Function]}
        onOpen={[Function]}
        placement="bottomLeft"
        popupClassName=""
        popupStyle={Object {}}
        prefixCls="rc-time-picker"
        showHour={true}
        showMinute={true}
        showSecond={false}
        style={Object {}}
        use12Hours={false}
        value={"1970-01-01T02:00:00.000Z"}
      />
    </label>
    <label>
      Disponível para servir em sua casa?
      <i
        className="material-icons"
      >
        airline_seat_recline_normal
      </i>
      <input
        checked={false}
        name="table"
        onChange={[Function]}
        type="checkbox"
      />
      <i
        className="material-icons"
      >
        alarm_on
      </i>
      <Picker
        addon={[Function]}
        align={Object {}}
        allowEmpty={true}
        className=""
        clearText="clear"
        defaultOpen={false}
        defaultOpenValue={"1970-01-01T00:00:00.000Z"}
        defaultValue={"1970-01-01T00:00:00.000Z"}
        disabled={true}
        disabledHours={[Function]}
        disabledMinutes={[Function]}
        disabledSeconds={[Function]}
        focusOnOpen={false}
        hideDisabledOptions={false}
        id=""
        inputReadOnly={false}
        minuteStep={15}
        onAmPmChange={[Function]}
        onBlur={[Function]}
        onChange={[Function]}
        onClose={[Function]}
        onFocus={[Function]}
        onKeyDown={[Function]}
        onOpen={[Function]}
        placement="bottomLeft"
        popupClassName=""
        popupStyle={Object {}}
        prefixCls="rc-time-picker"
        showHour={true}
        showMinute={true}
        showSecond={false}
        style={Object {}}
        use12Hours={false}
        value={"1970-01-01T00:00:00.000Z"}
      />
      <i
        className="material-icons"
      >
        alarm_off
      </i>
      <Picker
        addon={[Function]}
        align={Object {}}
        allowEmpty={true}
        className=""
        clearText="clear"
        defaultOpen={false}
        defaultOpenValue={"1970-01-01T00:00:00.000Z"}
        defaultValue={"1970-01-01T00:00:00.000Z"}
        disabled={true}
        disabledHours={[Function]}
        disabledMinutes={[Function]}
        disabledSeconds={[Function]}
        focusOnOpen={false}
        hideDisabledOptions={false}
        id=""
        inputReadOnly={false}
        minuteStep={15}
        onAmPmChange={[Function]}
        onBlur={[Function]}
        onChange={[Function]}
        onClose={[Function]}
        onFocus={[Function]}
        onKeyDown={[Function]}
        onOpen={[Function]}
        placement="bottomLeft"
        popupClassName=""
        popupStyle={Object {}}
        prefixCls="rc-time-picker"
        showHour={true}
        showMinute={true}
        showSecond={false}
        style={Object {}}
        use12Hours={false}
        value={"1970-01-01T02:00:00.000Z"}
      />
    </label>
    <button>
      Cadastrar
    </button>
  </form>
</div>
`;

exports[`should render error for invalid form submission 2`] = `
<div>
  <p>
    Por favor, complete os campos para cadastrar uma refeição
  </p>
  <form
    onSubmit={[Function]}
  >
    <label>
      Nome do prato:
      <input
        name="name"
        onChange={[Function]}
        placeholder="Pê-efe de frango empanado"
        type="text"
        value=""
      />
    </label>
    <label>
      Descrição:
      <input
        name="description"
        onChange={[Function]}
        placeholder="Filé de frango empanado frito, acompanhado de arroz, feijões, farofa de miúdos e salada de alfaces"
        type="text"
        value=""
      />
    </label>
    <label>
      Valor:
      <InputElement
        mask="99,99"
        name="price"
        onChange={[Function]}
        placeholder="R$ 13"
        type="text"
      />
    </label>
    <label>
      Pratos disponíveis:
      <input
        name="available"
        onChange={[Function]}
        placeholder={3}
        type="number"
      />
    </label>
    <label>
      Prato congelado?
      <i
        className="material-icons"
      >
        kitchen
      </i>
      <input
        checked={false}
        name="frozen"
        onChange={[Function]}
        type="checkbox"
      />
    </label>
    <label>
      Disponível para entrega?
      <i
        className="material-icons"
      >
        motorcycle
      </i>
      <input
        checked={false}
        name="courrier"
        onChange={[Function]}
        type="checkbox"
      />
      <i
        className="material-icons"
      >
        alarm_on
      </i>
      <Picker
        addon={[Function]}
        align={Object {}}
        allowEmpty={true}
        className=""
        clearText="clear"
        defaultOpen={false}
        defaultOpenValue={"1970-01-01T00:00:00.000Z"}
        defaultValue={"1970-01-01T00:00:00.000Z"}
        disabled={true}
        disabledHours={[Function]}
        disabledMinutes={[Function]}
        disabledSeconds={[Function]}
        focusOnOpen={false}
        hideDisabledOptions={false}
        id=""
        inputReadOnly={false}
        minuteStep={15}
        onAmPmChange={[Function]}
        onBlur={[Function]}
        onChange={[Function]}
        onClose={[Function]}
        onFocus={[Function]}
        onKeyDown={[Function]}
        onOpen={[Function]}
        placement="bottomLeft"
        popupClassName=""
        popupStyle={Object {}}
        prefixCls="rc-time-picker"
        showHour={true}
        showMinute={true}
        showSecond={false}
        style={Object {}}
        use12Hours={false}
        value={"1970-01-01T00:00:00.000Z"}
      />
      <i
        className="material-icons"
      >
        alarm_off
      </i>
      <Picker
        addon={[Function]}
        align={Object {}}
        allowEmpty={true}
        className=""
        clearText="clear"
        defaultOpen={false}
        defaultOpenValue={"1970-01-01T00:00:00.000Z"}
        defaultValue={"1970-01-01T00:00:00.000Z"}
        disabled={true}
        disabledHours={[Function]}
        disabledMinutes={[Function]}
        disabledSeconds={[Function]}
        focusOnOpen={false}
        hideDisabledOptions={false}
        id=""
        inputReadOnly={false}
        minuteStep={15}
        onAmPmChange={[Function]}
        onBlur={[Function]}
        onChange={[Function]}
        onClose={[Function]}
        onFocus={[Function]}
        onKeyDown={[Function]}
        onOpen={[Function]}
        placement="bottomLeft"
        popupClassName=""
        popupStyle={Object {}}
        prefixCls="rc-time-picker"
        showHour={true}
        showMinute={true}
        showSecond={false}
        style={Object {}}
        use12Hours={false}
        value={"1970-01-01T02:00:00.000Z"}
      />
    </label>
    <label>
      Disponível para retirada?
      <i
        className="material-icons"
      >
        shopping_basket
      </i>
      <input
        checked={false}
        name="pickUp"
        onChange={[Function]}
        type="checkbox"
      />
      <i
        className="material-icons"
      >
        alarm_on
      </i>
      <Picker
        addon={[Function]}
        align={Object {}}
        allowEmpty={true}
        className=""
        clearText="clear"
        defaultOpen={false}
        defaultOpenValue={"1970-01-01T00:00:00.000Z"}
        defaultValue={"1970-01-01T00:00:00.000Z"}
        disabled={true}
        disabledHours={[Function]}
        disabledMinutes={[Function]}
        disabledSeconds={[Function]}
        focusOnOpen={false}
        hideDisabledOptions={false}
        id=""
        inputReadOnly={false}
        minuteStep={15}
        onAmPmChange={[Function]}
        onBlur={[Function]}
        onChange={[Function]}
        onClose={[Function]}
        onFocus={[Function]}
        onKeyDown={[Function]}
        onOpen={[Function]}
        placement="bottomLeft"
        popupClassName=""
        popupStyle={Object {}}
        prefixCls="rc-time-picker"
        showHour={true}
        showMinute={true}
        showSecond={false}
        style={Object {}}
        use12Hours={false}
        value={"1970-01-01T00:00:00.000Z"}
      />
      <i
        className="material-icons"
      >
        alarm_off
      </i>
      <Picker
        addon={[Function]}
        align={Object {}}
        allowEmpty={true}
        className=""
        clearText="clear"
        defaultOpen={false}
        defaultOpenValue={"1970-01-01T00:00:00.000Z"}
        defaultValue={"1970-01-01T00:00:00.000Z"}
        disabled={true}
        disabledHours={[Function]}
        disabledMinutes={[Function]}
        disabledSeconds={[Function]}
        focusOnOpen={false}
        hideDisabledOptions={false}
        id=""
        inputReadOnly={false}
        minuteStep={15}
        onAmPmChange={[Function]}
        onBlur={[Function]}
        onChange={[Function]}
        onClose={[Function]}
        onFocus={[Function]}
        onKeyDown={[Function]}
        onOpen={[Function]}
        placement="bottomLeft"
        popupClassName=""
        popupStyle={Object {}}
        prefixCls="rc-time-picker"
        showHour={true}
        showMinute={true}
        showSecond={false}
        style={Object {}}
        use12Hours={false}
        value={"1970-01-01T02:00:00.000Z"}
      />
    </label>
    <label>
      Disponível para servir em sua casa?
      <i
        className="material-icons"
      >
        airline_seat_recline_normal
      </i>
      <input
        checked={false}
        name="table"
        onChange={[Function]}
        type="checkbox"
      />
      <i
        className="material-icons"
      >
        alarm_on
      </i>
      <Picker
        addon={[Function]}
        align={Object {}}
        allowEmpty={true}
        className=""
        clearText="clear"
        defaultOpen={false}
        defaultOpenValue={"1970-01-01T00:00:00.000Z"}
        defaultValue={"1970-01-01T00:00:00.000Z"}
        disabled={true}
        disabledHours={[Function]}
        disabledMinutes={[Function]}
        disabledSeconds={[Function]}
        focusOnOpen={false}
        hideDisabledOptions={false}
        id=""
        inputReadOnly={false}
        minuteStep={15}
        onAmPmChange={[Function]}
        onBlur={[Function]}
        onChange={[Function]}
        onClose={[Function]}
        onFocus={[Function]}
        onKeyDown={[Function]}
        onOpen={[Function]}
        placement="bottomLeft"
        popupClassName=""
        popupStyle={Object {}}
        prefixCls="rc-time-picker"
        showHour={true}
        showMinute={true}
        showSecond={false}
        style={Object {}}
        use12Hours={false}
        value={"1970-01-01T00:00:00.000Z"}
      />
      <i
        className="material-icons"
      >
        alarm_off
      </i>
      <Picker
        addon={[Function]}
        align={Object {}}
        allowEmpty={true}
        className=""
        clearText="clear"
        defaultOpen={false}
        defaultOpenValue={"1970-01-01T00:00:00.000Z"}
        defaultValue={"1970-01-01T00:00:00.000Z"}
        disabled={true}
        disabledHours={[Function]}
        disabledMinutes={[Function]}
        disabledSeconds={[Function]}
        focusOnOpen={false}
        hideDisabledOptions={false}
        id=""
        inputReadOnly={false}
        minuteStep={15}
        onAmPmChange={[Function]}
        onBlur={[Function]}
        onChange={[Function]}
        onClose={[Function]}
        onFocus={[Function]}
        onKeyDown={[Function]}
        onOpen={[Function]}
        placement="bottomLeft"
        popupClassName=""
        popupStyle={Object {}}
        prefixCls="rc-time-picker"
        showHour={true}
        showMinute={true}
        showSecond={false}
        style={Object {}}
        use12Hours={false}
        value={"1970-01-01T02:00:00.000Z"}
      />
    </label>
    <button>
      Cadastrar
    </button>
  </form>
  <p>
    Por favor, complete os campos para cadastrar uma refeição
  </p>
</div>
`;
